Archive member included to satisfy reference by file (symbol)

/home/sen/Projects/nrf51822/Workspace/gcc-arm-none-eabi-10.3-2021.10/bin/../lib/gcc/arm-none-eabi/10.3.1/../../../../arm-none-eabi/lib/thumb/v6-m/nofp/libc_nano.a(lib_a-exit.o)
                              /home/sen/Projects/nrf51822/Workspace/gcc-arm-none-eabi-10.3-2021.10/bin/../lib/gcc/arm-none-eabi/10.3.1/../../../../arm-none-eabi/lib/thumb/v6-m/nofp/crt0.o (exit)
/home/sen/Projects/nrf51822/Workspace/gcc-arm-none-eabi-10.3-2021.10/bin/../lib/gcc/arm-none-eabi/10.3.1/../../../../arm-none-eabi/lib/thumb/v6-m/nofp/libc_nano.a(lib_a-impure.o)
                              /home/sen/Projects/nrf51822/Workspace/gcc-arm-none-eabi-10.3-2021.10/bin/../lib/gcc/arm-none-eabi/10.3.1/../../../../arm-none-eabi/lib/thumb/v6-m/nofp/libc_nano.a(lib_a-exit.o) (_global_impure_ptr)
/home/sen/Projects/nrf51822/Workspace/gcc-arm-none-eabi-10.3-2021.10/bin/../lib/gcc/arm-none-eabi/10.3.1/../../../../arm-none-eabi/lib/thumb/v6-m/nofp/libc_nano.a(lib_a-init.o)
                              /home/sen/Projects/nrf51822/Workspace/gcc-arm-none-eabi-10.3-2021.10/bin/../lib/gcc/arm-none-eabi/10.3.1/../../../../arm-none-eabi/lib/thumb/v6-m/nofp/crt0.o (__libc_init_array)
/home/sen/Projects/nrf51822/Workspace/gcc-arm-none-eabi-10.3-2021.10/bin/../lib/gcc/arm-none-eabi/10.3.1/../../../../arm-none-eabi/lib/thumb/v6-m/nofp/libc_nano.a(lib_a-memset.o)
                              /home/sen/Projects/nrf51822/Workspace/gcc-arm-none-eabi-10.3-2021.10/bin/../lib/gcc/arm-none-eabi/10.3.1/../../../../arm-none-eabi/lib/thumb/v6-m/nofp/crt0.o (memset)
/home/sen/Projects/nrf51822/Workspace/gcc-arm-none-eabi-10.3-2021.10/bin/../lib/gcc/arm-none-eabi/10.3.1/../../../../arm-none-eabi/lib/thumb/v6-m/nofp/libnosys.a(_exit.o)
                              /home/sen/Projects/nrf51822/Workspace/gcc-arm-none-eabi-10.3-2021.10/bin/../lib/gcc/arm-none-eabi/10.3.1/../../../../arm-none-eabi/lib/thumb/v6-m/nofp/libc_nano.a(lib_a-exit.o) (_exit)
/home/sen/Projects/nrf51822/Workspace/gcc-arm-none-eabi-10.3-2021.10/bin/../lib/gcc/arm-none-eabi/10.3.1/thumb/v6-m/nofp/libgcc.a(_udivsi3.o)
                              _build/nrf51822_xxaa_bsp.c.o (__aeabi_uidiv)
/home/sen/Projects/nrf51822/Workspace/gcc-arm-none-eabi-10.3-2021.10/bin/../lib/gcc/arm-none-eabi/10.3.1/thumb/v6-m/nofp/libgcc.a(_divsi3.o)
                              _build/nrf51822_xxaa_bsp.c.o (__aeabi_idiv)
/home/sen/Projects/nrf51822/Workspace/gcc-arm-none-eabi-10.3-2021.10/bin/../lib/gcc/arm-none-eabi/10.3.1/thumb/v6-m/nofp/libgcc.a(_dvmd_tls.o)
                              /home/sen/Projects/nrf51822/Workspace/gcc-arm-none-eabi-10.3-2021.10/bin/../lib/gcc/arm-none-eabi/10.3.1/thumb/v6-m/nofp/libgcc.a(_udivsi3.o) (__aeabi_idiv0)
/home/sen/Projects/nrf51822/Workspace/gcc-arm-none-eabi-10.3-2021.10/bin/../lib/gcc/arm-none-eabi/10.3.1/../../../../arm-none-eabi/lib/thumb/v6-m/nofp/libc_nano.a(lib_a-memcpy-stub.o)
                              _build/nrf51822_xxaa_SEGGER_RTT.c.o (memcpy)
/home/sen/Projects/nrf51822/Workspace/gcc-arm-none-eabi-10.3-2021.10/bin/../lib/gcc/arm-none-eabi/10.3.1/../../../../arm-none-eabi/lib/thumb/v6-m/nofp/libc_nano.a(lib_a-strcpy.o)
                              _build/nrf51822_xxaa_SEGGER_RTT.c.o (strcpy)
/home/sen/Projects/nrf51822/Workspace/gcc-arm-none-eabi-10.3-2021.10/bin/../lib/gcc/arm-none-eabi/10.3.1/../../../../arm-none-eabi/lib/thumb/v6-m/nofp/libc_nano.a(lib_a-strlen.o)
                              _build/nrf51822_xxaa_main.c.o (strlen)

Discarded input sections

 .text          0x0000000000000000        0x0 /home/sen/Projects/nrf51822/Workspace/gcc-arm-none-eabi-10.3-2021.10/bin/../lib/gcc/arm-none-eabi/10.3.1/thumb/v6-m/nofp/crti.o
 .data          0x0000000000000000        0x0 /home/sen/Projects/nrf51822/Workspace/gcc-arm-none-eabi-10.3-2021.10/bin/../lib/gcc/arm-none-eabi/10.3.1/thumb/v6-m/nofp/crti.o
 .bss           0x0000000000000000        0x0 /home/sen/Projects/nrf51822/Workspace/gcc-arm-none-eabi-10.3-2021.10/bin/../lib/gcc/arm-none-eabi/10.3.1/thumb/v6-m/nofp/crti.o
 .data          0x0000000000000000        0x4 /home/sen/Projects/nrf51822/Workspace/gcc-arm-none-eabi-10.3-2021.10/bin/../lib/gcc/arm-none-eabi/10.3.1/thumb/v6-m/nofp/crtbegin.o
 .rodata        0x0000000000000000       0x24 /home/sen/Projects/nrf51822/Workspace/gcc-arm-none-eabi-10.3-2021.10/bin/../lib/gcc/arm-none-eabi/10.3.1/thumb/v6-m/nofp/crtbegin.o
 .data          0x0000000000000000        0x0 /home/sen/Projects/nrf51822/Workspace/gcc-arm-none-eabi-10.3-2021.10/bin/../lib/gcc/arm-none-eabi/10.3.1/../../../../arm-none-eabi/lib/thumb/v6-m/nofp/crt0.o
 .bss           0x0000000000000000        0x0 /home/sen/Projects/nrf51822/Workspace/gcc-arm-none-eabi-10.3-2021.10/bin/../lib/gcc/arm-none-eabi/10.3.1/../../../../arm-none-eabi/lib/thumb/v6-m/nofp/crt0.o
[...]
Memory Configuration

Name             Origin             Length             Attributes
FLASH            0x000000000001b000 0x0000000000025000 xr
RAM              0x0000000020001fe8 0x0000000000002018 xrw
*default*        0x0000000000000000 0xffffffffffffffff

Linker script and memory map


.text           0x000000000001b000     0x2a94
 *(.isr_vector)
 .isr_vector    0x000000000001b000       0xc0 _build/nrf51822_xxaa_gcc_startup_nrf51.S.o
                0x000000000001b000                __isr_vector
 *(.text*)
 .text          0x000000000001b0c0       0x48 /home/sen/Projects/nrf51822/Workspace/gcc-arm-none-eabi-10.3-2021.10/bin/../lib/gcc/arm-none-eabi/10.3.1/thumb/v6-m/nofp/crtbegin.o
 .text          0x000000000001b108       0x80 /home/sen/Projects/nrf51822/Workspace/gcc-arm-none-eabi-10.3-2021.10/bin/../lib/gcc/arm-none-eabi/10.3.1/../../../../arm-none-eabi/lib/thumb/v6-m/nofp/crt0.o
                0x000000000001b108                _stack_init
                0x000000000001b114                _mainCRTStartup
                0x000000000001b114                _start
 .text.exit     0x000000000001b188       0x2c /home/sen/Projects/nrf51822/Workspace/gcc-arm-none-eabi-10.3-2021.10/bin/../lib/gcc/arm-none-eabi/10.3.1/../../../../arm-none-eabi/lib/thumb/v6-m/nofp/libc_nano.a(lib_a-exit.o)
                0x000000000001b188                exit
 .text.__libc_init_array
                0x000000000001b1b4       0x48 /home/sen/Projects/nrf51822/Workspace/gcc-arm-none-eabi-10.3-2021.10/bin/../lib/gcc/arm-none-eabi/10.3.1/../../../../arm-none-eabi/lib/thumb/v6-m/nofp/libc_nano.a(lib_a-init.o)
                0x000000000001b1b4                __libc_init_array
 .text.memset   0x000000000001b1fc       0x10 /home/sen/Projects/nrf51822/Workspace/gcc-arm-none-eabi-10.3-2021.10/bin/../lib/gcc/arm-none-eabi/10.3.1/../../../../arm-none-eabi/lib/thumb/v6-m/nofp/libc_nano.a(lib_a-memset.o)
                0x000000000001b1fc                memset
 .text._exit    0x000000000001b20c        0x4 /home/sen/Projects/nrf51822/Workspace/gcc-arm-none-eabi-10.3-2021.10/bin/../lib/gcc/arm-none-eabi/10.3.1/../../../../arm-none-eabi/lib/thumb/v6-m/nofp/libnosys.a(_exit.o)
                0x000000000001b20c                _exit
 .text.detection_delay_timeout_handler
                0x000000000001b210       0xac _build/nrf51822_xxaa_app_button.c.o
 .text.gpiote_event_handler
                0x000000000001b2bc       0x5c _build/nrf51822_xxaa_app_button.c.o
 .text.app_button_init
                0x000000000001b318       0xb4 _build/nrf51822_xxaa_app_button.c.o
                0x000000000001b318                app_button_init
 .text.app_button_enable
                0x000000000001b3cc       0x30 _build/nrf51822_xxaa_app_button.c.o
                0x000000000001b3cc                app_button_enable
 .text.app_button_disable
                0x000000000001b3fc       0x34 _build/nrf51822_xxaa_app_button.c.o
                0x000000000001b3fc                app_button_disable
 .text.app_error_handler_bare
                0x000000000001b430       0x20 _build/nrf51822_xxaa_app_error.c.o
                0x000000000001b430                app_error_handler_bare
 .text.app_error_fault_handler
                0x000000000001b450       0x1c _build/nrf51822_xxaa_app_error_weak.c.o
                0x000000000001b450                app_error_fault_handler
 .text.RTC1_IRQHandler
                0x000000000001b46c       0xdc _build/nrf51822_xxaa_app_timer.c.o
                0x000000000001b46c                RTC1_IRQHandler
 .text.SWI0_IRQHandler
                0x000000000001b548      0x540 _build/nrf51822_xxaa_app_timer.c.o
                0x000000000001b548                SWI0_IRQHandler
 .text.app_timer_init
                0x000000000001ba88      0x128 _build/nrf51822_xxaa_app_timer.c.o
                0x000000000001ba88                app_timer_init
 .text.app_timer_create
                0x000000000001bbb0       0x2c _build/nrf51822_xxaa_app_timer.c.o
                0x000000000001bbb0                app_timer_create
 .text.app_timer_start
                0x000000000001bbdc       0xc0 _build/nrf51822_xxaa_app_timer.c.o
                0x000000000001bbdc                app_timer_start
 .text.app_timer_stop
                0x000000000001bc9c       0x88 _build/nrf51822_xxaa_app_timer.c.o
                0x000000000001bc9c                app_timer_stop
 .text.app_util_critical_region_enter
                0x000000000001bd24       0x40 _build/nrf51822_xxaa_app_util_platform.c.o
                0x000000000001bd24                app_util_critical_region_enter
 .text.app_util_critical_region_exit
                0x000000000001bd64       0x2c _build/nrf51822_xxaa_app_util_platform.c.o
                0x000000000001bd64                app_util_critical_region_exit
 .text.bsp_board_led_on
                0x000000000001bd90       0x18 _build/nrf51822_xxaa_boards.c.o
                0x000000000001bd90                bsp_board_led_on
 .text.bsp_board_led_off
                0x000000000001bda8       0x1c _build/nrf51822_xxaa_boards.c.o
                0x000000000001bda8                bsp_board_led_off
 .text.bsp_board_leds_init
                0x000000000001bdc4       0x4c _build/nrf51822_xxaa_boards.c.o
                0x000000000001bdc4                bsp_board_leds_init
 .text.POWER_CLOCK_IRQHandler
                0x000000000001be10       0x78 _build/nrf51822_xxaa_nrf_drv_clock.c.o
                0x000000000001be10                POWER_CLOCK_IRQHandler
 .text.nrf_drv_clock_on_soc_event
                0x000000000001be88       0x24 _build/nrf51822_xxaa_nrf_drv_clock.c.o
                0x000000000001be88                nrf_drv_clock_on_soc_event
 .text.nrf_drv_clock_on_sd_enable
                0x000000000001beac       0x6c _build/nrf51822_xxaa_nrf_drv_clock.c.o
                0x000000000001beac                nrf_drv_clock_on_sd_enable
 .text.nrf_drv_common_irq_enable
                0x000000000001bf18       0x7c _build/nrf51822_xxaa_nrf_drv_common.c.o
                0x000000000001bf18                nrf_drv_common_irq_enable
 .text.nrf_drv_gpiote_init
                0x000000000001bf94       0x68 _build/nrf51822_xxaa_nrf_drv_gpiote.c.o
                0x000000000001bf94                nrf_drv_gpiote_init
 .text.nrf_drv_gpiote_is_init
                0x000000000001bffc       0x14 _build/nrf51822_xxaa_nrf_drv_gpiote.c.o
                0x000000000001bffc                nrf_drv_gpiote_is_init
 .text.nrf_drv_gpiote_in_init
                0x000000000001c010      0x184 _build/nrf51822_xxaa_nrf_drv_gpiote.c.o
                0x000000000001c010                nrf_drv_gpiote_in_init
 .text.nrf_drv_gpiote_in_event_enable
                0x000000000001c194       0xb8 _build/nrf51822_xxaa_nrf_drv_gpiote.c.o
                0x000000000001c194                nrf_drv_gpiote_in_event_enable
 .text.nrf_drv_gpiote_in_event_disable
                0x000000000001c24c       0x60 _build/nrf51822_xxaa_nrf_drv_gpiote.c.o
                0x000000000001c24c                nrf_drv_gpiote_in_event_disable
 .text.nrf_drv_gpiote_in_is_set
                0x000000000001c2ac       0x14 _build/nrf51822_xxaa_nrf_drv_gpiote.c.o
                0x000000000001c2ac                nrf_drv_gpiote_in_is_set
 .text.GPIOTE_IRQHandler
                0x000000000001c2c0      0x4e0 _build/nrf51822_xxaa_nrf_drv_gpiote.c.o
                0x000000000001c2c0                GPIOTE_IRQHandler
 .text.UART0_IRQHandler
                0x000000000001c7a0      0x18c _build/nrf51822_xxaa_nrf_drv_uart.c.o
                0x000000000001c7a0                UART0_IRQHandler
 .text.sd_ble_gap_adv_start
                0x000000000001c92c        0x4 _build/nrf51822_xxaa_main.c.o
 .text.sd_ble_gap_disconnect
                0x000000000001c930        0x4 _build/nrf51822_xxaa_main.c.o
 .text.sd_ble_gap_ppcp_set
                0x000000000001c934        0x4 _build/nrf51822_xxaa_main.c.o
 .text.sd_ble_gap_device_name_set
                0x000000000001c938        0x4 _build/nrf51822_xxaa_main.c.o
 .text.sd_ble_gap_sec_params_reply
                0x000000000001c93c        0x4 _build/nrf51822_xxaa_main.c.o
 .text.sd_ble_gatts_rw_authorize_reply
                0x000000000001c940        0x4 _build/nrf51822_xxaa_main.c.o
 .text.sd_ble_gatts_sys_attr_set
                0x000000000001c944        0x4 _build/nrf51822_xxaa_main.c.o
 .text.sd_ble_user_mem_reply
                0x000000000001c948        0x4 _build/nrf51822_xxaa_main.c.o
 .text.sd_app_evt_wait
                0x000000000001c94c        0x4 _build/nrf51822_xxaa_main.c.o
 .text.conn_params_error_handler
                0x000000000001c950        0x8 _build/nrf51822_xxaa_main.c.o
 .text.led_write_handler
                0x000000000001c958       0x14 _build/nrf51822_xxaa_main.c.o
 .text.on_conn_params_evt
                0x000000000001c96c       0x24 _build/nrf51822_xxaa_main.c.o
 .text.button_event_handler
                0x000000000001c990       0x2c _build/nrf51822_xxaa_main.c.o
 .text.ble_evt_dispatch
                0x000000000001c9bc      0x120 _build/nrf51822_xxaa_main.c.o
 .text.startup.main
                0x000000000001cadc      0x200 _build/nrf51822_xxaa_main.c.o
                0x000000000001cadc                main
 .text.sd_ble_gap_address_get
                0x000000000001ccdc        0x4 _build/nrf51822_xxaa_ble_advdata.c.o
 .text.sd_ble_gap_adv_data_set
                0x000000000001cce0        0x4 _build/nrf51822_xxaa_ble_advdata.c.o
 .text.sd_ble_gap_appearance_get
                0x000000000001cce4        0x4 _build/nrf51822_xxaa_ble_advdata.c.o
 .text.sd_ble_gap_device_name_get
                0x000000000001cce8        0x4 _build/nrf51822_xxaa_ble_advdata.c.o
 .text.sd_ble_uuid_encode
                0x000000000001ccec        0x4 _build/nrf51822_xxaa_ble_advdata.c.o
 .text.uuid_list_sized_encode
                0x000000000001ccf0      0x10c _build/nrf51822_xxaa_ble_advdata.c.o
 .text.adv_data_encode
                0x000000000001cdfc      0x404 _build/nrf51822_xxaa_ble_advdata.c.o
                0x000000000001cdfc                adv_data_encode
 .text.ble_advdata_set
                0x000000000001d200       0x6c _build/nrf51822_xxaa_ble_advdata.c.o
                0x000000000001d200                ble_advdata_set
 .text.sd_ble_gap_conn_param_update
                0x000000000001d26c        0x4 _build/nrf51822_xxaa_ble_conn_params.c.o
 .text.sd_ble_gap_disconnect
                0x000000000001d270        0x4 _build/nrf51822_xxaa_ble_conn_params.c.o
 .text.sd_ble_gap_ppcp_set
                0x000000000001d274        0x4 _build/nrf51822_xxaa_ble_conn_params.c.o
 .text.sd_ble_gap_ppcp_get
                0x000000000001d278        0x4 _build/nrf51822_xxaa_ble_conn_params.c.o
 .text.update_timeout_handler
                0x000000000001d27c       0x78 _build/nrf51822_xxaa_ble_conn_params.c.o
 .text.conn_params_negotiation
                0x000000000001d2f4       0x88 _build/nrf51822_xxaa_ble_conn_params.c.o
 .text.ble_conn_params_init
                0x000000000001d37c       0x78 _build/nrf51822_xxaa_ble_conn_params.c.o
                0x000000000001d37c                ble_conn_params_init
 .text.ble_conn_params_on_ble_evt
                0x000000000001d3f4       0xac _build/nrf51822_xxaa_ble_conn_params.c.o
                0x000000000001d3f4                ble_conn_params_on_ble_evt
 .text.ble_srv_is_notification_enabled
                0x000000000001d4a0        0x8 _build/nrf51822_xxaa_ble_srv_common.c.o
                0x000000000001d4a0                ble_srv_is_notification_enabled
 .text          0x000000000001d4a8       0x4c _build/nrf51822_xxaa_gcc_startup_nrf51.S.o
                0x000000000001d4a8                Reset_Handler
                0x000000000001d4e8                NMI_Handler
                0x000000000001d4ea                HardFault_Handler
                0x000000000001d4ec                SVC_Handler
                0x000000000001d4ee                PendSV_Handler
                0x000000000001d4f0                SysTick_Handler
                0x000000000001d4f2                TIMER2_IRQHandler
                0x000000000001d4f2                SPI0_TWI0_IRQHandler
                0x000000000001d4f2                RTC0_IRQHandler
                0x000000000001d4f2                RADIO_IRQHandler
                0x000000000001d4f2                LPCOMP_IRQHandler
                0x000000000001d4f2                SWI4_IRQHandler
                0x000000000001d4f2                TEMP_IRQHandler
                0x000000000001d4f2                QDEC_IRQHandler
                0x000000000001d4f2                SWI5_IRQHandler
                0x000000000001d4f2                TIMER0_IRQHandler
                0x000000000001d4f2                TIMER1_IRQHandler
                0x000000000001d4f2                ECB_IRQHandler
                0x000000000001d4f2                Default_Handler
                0x000000000001d4f2                ADC_IRQHandler
                0x000000000001d4f2                SWI3_IRQHandler
                0x000000000001d4f2                CCM_AAR_IRQHandler
                0x000000000001d4f2                WDT_IRQHandler
                0x000000000001d4f2                RNG_IRQHandler
                0x000000000001d4f2                SPI1_TWI1_IRQHandler
                0x000000000001d4f2                SWI1_IRQHandler
 .text.SystemInit
                0x000000000001d4f4       0xe0 _build/nrf51822_xxaa_system_nrf51.c.o
                0x000000000001d4f4                SystemInit
 .text.sd_ble_gatts_service_add
                0x000000000001d5d4        0x4 _build/nrf51822_xxaa_ble_lbs.c.o
 .text.sd_ble_gatts_characteristic_add
                0x000000000001d5d8        0x4 _build/nrf51822_xxaa_ble_lbs.c.o
 .text.sd_ble_gatts_hvx
                0x000000000001d5dc        0x4 _build/nrf51822_xxaa_ble_lbs.c.o
 .text.sd_ble_uuid_vs_add
                0x000000000001d5e0        0x4 _build/nrf51822_xxaa_ble_lbs.c.o
 .text.ble_lbs_on_ble_evt
                0x000000000001d5e4       0x3c _build/nrf51822_xxaa_ble_lbs.c.o
                0x000000000001d5e4                ble_lbs_on_ble_evt
 .text.ble_lbs_init
                0x000000000001d620      0x190 _build/nrf51822_xxaa_ble_lbs.c.o
                0x000000000001d620                ble_lbs_init
 .text.ble_lbs_on_button_change
                0x000000000001d7b0       0x38 _build/nrf51822_xxaa_ble_lbs.c.o
                0x000000000001d7b0                ble_lbs_on_button_change
 .text.sd_evt_get
                0x000000000001d7e8        0x4 _build/nrf51822_xxaa_softdevice_handler.c.o
 .text.sd_softdevice_enable
                0x000000000001d7ec        0x4 _build/nrf51822_xxaa_softdevice_handler.c.o
 .text.sd_ble_enable
                0x000000000001d7f0        0x4 _build/nrf51822_xxaa_softdevice_handler.c.o
 .text.sd_ble_evt_get
                0x000000000001d7f4        0x4 _build/nrf51822_xxaa_softdevice_handler.c.o
 .text.softdevice_fault_handler
                0x000000000001d7f8        0x8 _build/nrf51822_xxaa_softdevice_handler.c.o
                0x000000000001d7f8                softdevice_fault_handler
 .text.intern_softdevice_events_execute.part.0
                0x000000000001d800       0xe8 _build/nrf51822_xxaa_softdevice_handler.c.o
 .text.softdevice_handler_is_enabled
                0x000000000001d8e8        0xc _build/nrf51822_xxaa_softdevice_handler.c.o
                0x000000000001d8e8                softdevice_handler_is_enabled
 .text.softdevice_handler_init
                0x000000000001d8f4       0x9c _build/nrf51822_xxaa_softdevice_handler.c.o
                0x000000000001d8f4                softdevice_handler_init
 .text.softdevice_ble_evt_handler_set
                0x000000000001d990       0x14 _build/nrf51822_xxaa_softdevice_handler.c.o
                0x000000000001d990                softdevice_ble_evt_handler_set
 .text.SWI2_IRQHandler
                0x000000000001d9a4       0x30 _build/nrf51822_xxaa_softdevice_handler.c.o
                0x000000000001d9a4                SWI2_IRQHandler
 .text.softdevice_enable_get_default_config
                0x000000000001d9d4       0x30 _build/nrf51822_xxaa_softdevice_handler.c.o
                0x000000000001d9d4                softdevice_enable_get_default_config
 .text.softdevice_enable
                0x000000000001da04       0x1c _build/nrf51822_xxaa_softdevice_handler.c.o
                0x000000000001da04                softdevice_enable
 .text.memcpy   0x000000000001da20       0x12 /home/sen/Projects/nrf51822/Workspace/gcc-arm-none-eabi-10.3-2021.10/bin/../lib/gcc/arm-none-eabi/10.3.1/../../../../arm-none-eabi/lib/thumb/v6-m/nofp/libc_nano.a(lib_a-memcpy-stub.o)
                0x000000000001da20                memcpy
 .text          0x000000000001da32        0xe /home/sen/Projects/nrf51822/Workspace/gcc-arm-none-eabi-10.3-2021.10/bin/../lib/gcc/arm-none-eabi/10.3.1/../../../../arm-none-eabi/lib/thumb/v6-m/nofp/libc_nano.a(lib_a-strlen.o)
                0x000000000001da32                strlen
 *(.init)
 .init          0x000000000001da40        0x4 /home/sen/Projects/nrf51822/Workspace/gcc-arm-none-eabi-10.3-2021.10/bin/../lib/gcc/arm-none-eabi/10.3.1/thumb/v6-m/nofp/crti.o
                0x000000000001da40                _init
 .init          0x000000000001da44        0x8 /home/sen/Projects/nrf51822/Workspace/gcc-arm-none-eabi-10.3-2021.10/bin/../lib/gcc/arm-none-eabi/10.3.1/thumb/v6-m/nofp/crtn.o
 *(.fini)
 .fini          0x000000000001da4c        0x4 /home/sen/Projects/nrf51822/Workspace/gcc-arm-none-eabi-10.3-2021.10/bin/../lib/gcc/arm-none-eabi/10.3.1/thumb/v6-m/nofp/crti.o
                0x000000000001da4c                _fini
 .fini          0x000000000001da50        0x8 /home/sen/Projects/nrf51822/Workspace/gcc-arm-none-eabi-10.3-2021.10/bin/../lib/gcc/arm-none-eabi/10.3.1/thumb/v6-m/nofp/crtn.o
 *crtbegin.o(.ctors)
 *crtbegin?.o(.ctors)
 *(EXCLUDE_FILE(*crtend.o *crtend?.o) .ctors)
 *(SORT_BY_NAME(.ctors.*))
 *(.ctors)
 *crtbegin.o(.dtors)
 *crtbegin?.o(.dtors)
 *(EXCLUDE_FILE(*crtend.o *crtend?.o) .dtors)
 *(SORT_BY_NAME(.dtors.*))
 *(.dtors)
 *(.rodata*)
 .rodata._global_impure_ptr
                0x000000000001da58        0x4 /home/sen/Projects/nrf51822/Workspace/gcc-arm-none-eabi-10.3-2021.10/bin/../lib/gcc/arm-none-eabi/10.3.1/../../../../arm-none-eabi/lib/thumb/v6-m/nofp/libc_nano.a(lib_a-impure.o)
                0x000000000001da58                _global_impure_ptr
 .rodata.m_detection_delay_timer_id
                0x000000000001da5c        0x4 _build/nrf51822_xxaa_app_button.c.o
 .rodata.m_board_led_list
                0x000000000001da60        0x5 _build/nrf51822_xxaa_boards.c.o
 *fill*         0x000000000001da65        0x3 
 .rodata.main.str1.4
                0x000000000001da68        0xe _build/nrf51822_xxaa_main.c.o
 *fill*         0x000000000001da76        0x2 
 .rodata        0x000000000001da78        0x4 _build/nrf51822_xxaa_main.c.o
 .rodata.m_conn_params_timer_id
                0x000000000001da7c        0x4 _build/nrf51822_xxaa_ble_conn_params.c.o
 .rodata        0x000000000001da80       0x10 _build/nrf51822_xxaa_ble_lbs.c.o
 *(.eh_frame*)
 .eh_frame      0x000000000001da90        0x0 /home/sen/Projects/nrf51822/Workspace/gcc-arm-none-eabi-10.3-2021.10/bin/../lib/gcc/arm-none-eabi/10.3.1/thumb/v6-m/nofp/crtbegin.o
 .eh_frame      0x000000000001da90        0x4 /home/sen/Projects/nrf51822/Workspace/gcc-arm-none-eabi-10.3-2021.10/bin/../lib/gcc/arm-none-eabi/10.3.1/thumb/v6-m/nofp/crtend.o

.glue_7         0x000000000001da94        0x0
 .glue_7        0x000000000001da94        0x0 linker stubs

.glue_7t        0x000000000001da94        0x0
 .glue_7t       0x000000000001da94        0x0 linker stubs

.vfp11_veneer   0x000000000001da94        0x0
 .vfp11_veneer  0x000000000001da94        0x0 linker stubs

.v4_bx          0x000000000001da94        0x0
 .v4_bx         0x000000000001da94        0x0 linker stubs

.iplt           0x000000000001da94        0x0
 .iplt          0x000000000001da94        0x0 /home/sen/Projects/nrf51822/Workspace/gcc-arm-none-eabi-10.3-2021.10/bin/../lib/gcc/arm-none-eabi/10.3.1/thumb/v6-m/nofp/crtbegin.o

.ARM.extab
 *(.ARM.extab* .gnu.linkonce.armextab.*)
                0x000000000001da94                __exidx_start = .

.ARM.exidx      0x000000000001da94        0x8
 *(.ARM.exidx* .gnu.linkonce.armexidx.*)
 .ARM.exidx     0x000000000001da94        0x8 /home/sen/Projects/nrf51822/Workspace/gcc-arm-none-eabi-10.3-2021.10/bin/../lib/gcc/arm-none-eabi/10.3.1/../../../../arm-none-eabi/lib/thumb/v6-m/nofp/crt0.o
                                         0x10 (size before relaxing)
                0x000000000001da9c                __exidx_end = .
                0x000000000001da9c                __etext = .

.rel.dyn        0x000000000001da9c        0x0
 .rel.iplt      0x000000000001da9c        0x0 /home/sen/Projects/nrf51822/Workspace/gcc-arm-none-eabi-10.3-2021.10/bin/../lib/gcc/arm-none-eabi/10.3.1/thumb/v6-m/nofp/crtbegin.o

.data           0x0000000020001fe8       0x78 load address 0x000000000001da9c
                0x0000000020001fe8                __data_start__ = .
 *(vtable)
 *(.data*)
 .data.impure_data
                0x0000000020001fe8       0x60 /home/sen/Projects/nrf51822/Workspace/gcc-arm-none-eabi-10.3-2021.10/bin/../lib/gcc/arm-none-eabi/10.3.1/../../../../arm-none-eabi/lib/thumb/v6-m/nofp/libc_nano.a(lib_a-impure.o)
 .data.buttons.1
                0x0000000020002048        0x8 _build/nrf51822_xxaa_main.c.o
 .data.m_conn_handle
                0x0000000020002050        0x2 _build/nrf51822_xxaa_main.c.o
 *fill*         0x0000000020002052        0x2 
 .data.SystemCoreClock
                0x0000000020002054        0x4 _build/nrf51822_xxaa_system_nrf51.c.o
                0x0000000020002054                SystemCoreClock
                0x0000000020002058                . = ALIGN (0x4)
                0x0000000020002058                PROVIDE (__preinit_array_start = .)
 *(.preinit_array)
                0x0000000020002058                PROVIDE (__preinit_array_end = .)
                0x0000000020002058                . = ALIGN (0x4)
                0x0000000020002058                PROVIDE (__init_array_start = .)
 *(SORT_BY_NAME(.init_array.*))
 *(.init_array)
 .init_array    0x0000000020002058        0x4 /home/sen/Projects/nrf51822/Workspace/gcc-arm-none-eabi-10.3-2021.10/bin/../lib/gcc/arm-none-eabi/10.3.1/thumb/v6-m/nofp/crtbegin.o
                0x000000002000205c                PROVIDE (__init_array_end = .)
                0x000000002000205c                . = ALIGN (0x4)
                [!provide]                        PROVIDE (__fini_array_start = .)
 *(SORT_BY_NAME(.fini_array.*))
 *(.fini_array)
 .fini_array    0x000000002000205c        0x4 /home/sen/Projects/nrf51822/Workspace/gcc-arm-none-eabi-10.3-2021.10/bin/../lib/gcc/arm-none-eabi/10.3.1/thumb/v6-m/nofp/crtbegin.o
                [!provide]                        PROVIDE (__fini_array_end = .)
 *(.jcr*)
                0x0000000020002060                . = ALIGN (0x4)
                0x0000000020002060                __data_end__ = .
LOAD /home/sen/Projects/nrf51822/Workspace/gcc-arm-none-eabi-10.3-2021.10/bin/../lib/gcc/arm-none-eabi/10.3.1/thumb/v6-m/nofp/crti.o
LOAD /home/sen/Projects/nrf51822/Workspace/gcc-arm-none-eabi-10.3-2021.10/bin/../lib/gcc/arm-none-eabi/10.3.1/thumb/v6-m/nofp/crtbegin.o
LOAD /home/sen/Projects/nrf51822/Workspace/gcc-arm-none-eabi-10.3-2021.10/bin/../lib/gcc/arm-none-eabi/10.3.1/../../../../arm-none-eabi/lib/thumb/v6-m/nofp/crt0.o
LOAD /home/sen/Projects/nrf51822/Workspace/gcc-arm-none-eabi-10.3-2021.10/bin/../lib/gcc/arm-none-eabi/10.3.1/../../../../arm-none-eabi/lib/thumb/v6-m/nofp/libc_nano.a
LOAD /home/sen/Projects/nrf51822/Workspace/gcc-arm-none-eabi-10.3-2021.10/bin/../lib/gcc/arm-none-eabi/10.3.1/../../../../arm-none-eabi/lib/thumb/v6-m/nofp/libnosys.a
LOAD _build/nrf51822_xxaa_nrf_log_backend_serial.c.o
LOAD _build/nrf51822_xxaa_nrf_log_frontend.c.o
LOAD _build/nrf51822_xxaa_app_button.c.o
LOAD _build/nrf51822_xxaa_app_error.c.o
LOAD _build/nrf51822_xxaa_app_error_weak.c.o
LOAD _build/nrf51822_xxaa_app_timer.c.o
LOAD _build/nrf51822_xxaa_app_util_platform.c.o
LOAD _build/nrf51822_xxaa_hardfault_implementation.c.o
LOAD _build/nrf51822_xxaa_nrf_assert.c.o
LOAD _build/nrf51822_xxaa_sdk_errors.c.o
LOAD _build/nrf51822_xxaa_boards.c.o
LOAD _build/nrf51822_xxaa_nrf_drv_clock.c.o
LOAD _build/nrf51822_xxaa_nrf_drv_common.c.o
LOAD _build/nrf51822_xxaa_nrf_drv_gpiote.c.o
LOAD _build/nrf51822_xxaa_nrf_drv_uart.c.o
LOAD _build/nrf51822_xxaa_bsp.c.o
LOAD _build/nrf51822_xxaa_bsp_nfc.c.o
LOAD _build/nrf51822_xxaa_main.c.o
LOAD _build/nrf51822_xxaa_RTT_Syscalls_GCC.c.o
LOAD _build/nrf51822_xxaa_SEGGER_RTT.c.o
LOAD _build/nrf51822_xxaa_SEGGER_RTT_printf.c.o
LOAD _build/nrf51822_xxaa_ble_advdata.c.o
LOAD _build/nrf51822_xxaa_ble_conn_params.c.o
LOAD _build/nrf51822_xxaa_ble_srv_common.c.o
LOAD _build/nrf51822_xxaa_gcc_startup_nrf51.S.o
LOAD _build/nrf51822_xxaa_system_nrf51.c.o
LOAD _build/nrf51822_xxaa_ble_lbs.c.o
LOAD _build/nrf51822_xxaa_softdevice_handler.c.o
LOAD /home/sen/Projects/nrf51822/Workspace/gcc-arm-none-eabi-10.3-2021.10/bin/../lib/gcc/arm-none-eabi/10.3.1/../../../../arm-none-eabi/lib/thumb/v6-m/nofp/libm.a
START GROUP
LOAD /home/sen/Projects/nrf51822/Workspace/gcc-arm-none-eabi-10.3-2021.10/bin/../lib/gcc/arm-none-eabi/10.3.1/thumb/v6-m/nofp/libgcc.a
LOAD /home/sen/Projects/nrf51822/Workspace/gcc-arm-none-eabi-10.3-2021.10/bin/../lib/gcc/arm-none-eabi/10.3.1/../../../../arm-none-eabi/lib/thumb/v6-m/nofp/libc_nano.a
END GROUP
START GROUP
LOAD /home/sen/Projects/nrf51822/Workspace/gcc-arm-none-eabi-10.3-2021.10/bin/../lib/gcc/arm-none-eabi/10.3.1/thumb/v6-m/nofp/libgcc.a
LOAD /home/sen/Projects/nrf51822/Workspace/gcc-arm-none-eabi-10.3-2021.10/bin/../lib/gcc/arm-none-eabi/10.3.1/../../../../arm-none-eabi/lib/thumb/v6-m/nofp/libc_nano.a
END GROUP
LOAD /home/sen/Projects/nrf51822/Workspace/gcc-arm-none-eabi-10.3-2021.10/bin/../lib/gcc/arm-none-eabi/10.3.1/thumb/v6-m/nofp/crtend.o
LOAD /home/sen/Projects/nrf51822/Workspace/gcc-arm-none-eabi-10.3-2021.10/bin/../lib/gcc/arm-none-eabi/10.3.1/thumb/v6-m/nofp/crtn.o
START GROUP
LOAD /home/sen/Projects/nrf51822/Workspace/gcc-arm-none-eabi-10.3-2021.10/bin/../lib/gcc/arm-none-eabi/10.3.1/thumb/v6-m/nofp/libgcc.a
LOAD /home/sen/Projects/nrf51822/Workspace/gcc-arm-none-eabi-10.3-2021.10/bin/../lib/gcc/arm-none-eabi/10.3.1/../../../../arm-none-eabi/lib/thumb/v6-m/nofp/libc.a
LOAD /home/sen/Projects/nrf51822/Workspace/gcc-arm-none-eabi-10.3-2021.10/bin/../lib/gcc/arm-none-eabi/10.3.1/../../../../arm-none-eabi/lib/thumb/v6-m/nofp/libnosys.a
END GROUP

.igot.plt       0x0000000020002060        0x0 load address 0x000000000001db14
 .igot.plt      0x0000000020002060        0x0 /home/sen/Projects/nrf51822/Workspace/gcc-arm-none-eabi-10.3-2021.10/bin/../lib/gcc/arm-none-eabi/10.3.1/thumb/v6-m/nofp/crtbegin.o

.fs_data        0x0000000020002060        0x0
                [!provide]                        PROVIDE (__start_fs_data = .)
 *(.fs_data)
                [!provide]                        PROVIDE (__stop_fs_data = .)

.pwr_mgmt_data  0x0000000020002060        0x0
                [!provide]                        PROVIDE (__start_pwr_mgmt_data = .)
 *(.pwr_mgmt_data)
                [!provide]                        PROVIDE (__stop_pwr_mgmt_data = .)

.bss            0x0000000020002060      0x238 load address 0x000000000001db18
                0x0000000020002060                . = ALIGN (0x4)
                0x0000000020002060                __bss_start__ = .
 *(.bss*)
 .bss           0x0000000020002060       0x1c /home/sen/Projects/nrf51822/Workspace/gcc-arm-none-eabi-10.3-2021.10/bin/../lib/gcc/arm-none-eabi/10.3.1/thumb/v6-m/nofp/crtbegin.o
 .bss.m_button_count
                0x000000002000207c        0x1 _build/nrf51822_xxaa_app_button.c.o
 *fill*         0x000000002000207d        0x3 
 .bss.m_detection_delay
                0x0000000020002080        0x4 _build/nrf51822_xxaa_app_button.c.o
 .bss.m_detection_delay_timer_id_data
                0x0000000020002084       0x20 _build/nrf51822_xxaa_app_button.c.o
 .bss.m_pin_state
                0x00000000200020a4        0x4 _build/nrf51822_xxaa_app_button.c.o
 .bss.m_pin_transition
                0x00000000200020a8        0x4 _build/nrf51822_xxaa_app_button.c.o
 .bss.mp_buttons
                0x00000000200020ac        0x4 _build/nrf51822_xxaa_app_button.c.o
 .bss.m_evt_schedule_func
                0x00000000200020b0        0x4 _build/nrf51822_xxaa_app_timer.c.o
 .bss.m_op_queue
                0x00000000200020b4        0x8 _build/nrf51822_xxaa_app_timer.c.o
 .bss.m_rtc1_reset
                0x00000000200020bc        0x1 _build/nrf51822_xxaa_app_timer.c.o
 .bss.m_rtc1_running
                0x00000000200020bd        0x1 _build/nrf51822_xxaa_app_timer.c.o
 *fill*         0x00000000200020be        0x2 
 .bss.m_ticks_elapsed
                0x00000000200020c0        0x8 _build/nrf51822_xxaa_app_timer.c.o
 .bss.m_ticks_elapsed_q_read_ind
                0x00000000200020c8        0x1 _build/nrf51822_xxaa_app_timer.c.o
 .bss.m_ticks_elapsed_q_write_ind
                0x00000000200020c9        0x1 _build/nrf51822_xxaa_app_timer.c.o
 *fill*         0x00000000200020ca        0x2 
 .bss.m_ticks_latest
                0x00000000200020cc        0x4 _build/nrf51822_xxaa_app_timer.c.o
 .bss.mp_timer_id_head
                0x00000000200020d0        0x4 _build/nrf51822_xxaa_app_timer.c.o
 .bss.nrf_nvic_state
                0x00000000200020d4        0x8 _build/nrf51822_xxaa_app_util_platform.c.o
                0x00000000200020d4                nrf_nvic_state
 .bss.m_clock_cb
                0x00000000200020dc       0x14 _build/nrf51822_xxaa_nrf_drv_clock.c.o
 .bss.m_cb      0x00000000200020f0       0x48 _build/nrf51822_xxaa_nrf_drv_gpiote.c.o
 .bss.m_cb      0x0000000020002138       0x1c _build/nrf51822_xxaa_nrf_drv_uart.c.o
 .bss.APP_TIMER_BUF.2
                0x0000000020002154       0x78 _build/nrf51822_xxaa_main.c.o
 .bss.BLE_EVT_BUFFER.0
                0x00000000200021cc       0x48 _build/nrf51822_xxaa_main.c.o
 .bss.m_lbs     0x0000000020002214       0x1c _build/nrf51822_xxaa_main.c.o
 .bss.m_change_param
                0x0000000020002230        0x1 _build/nrf51822_xxaa_ble_conn_params.c.o
 *fill*         0x0000000020002231        0x1 
 .bss.m_conn_handle
                0x0000000020002232        0x2 _build/nrf51822_xxaa_ble_conn_params.c.o
 .bss.m_conn_params_config
                0x0000000020002234       0x1c _build/nrf51822_xxaa_ble_conn_params.c.o
 .bss.m_conn_params_timer_id_data
                0x0000000020002250       0x20 _build/nrf51822_xxaa_ble_conn_params.c.o
 .bss.m_current_conn_params
                0x0000000020002270        0x8 _build/nrf51822_xxaa_ble_conn_params.c.o
 .bss.m_preferred_conn_params
                0x0000000020002278        0x8 _build/nrf51822_xxaa_ble_conn_params.c.o
 .bss.m_update_count
                0x0000000020002280        0x1 _build/nrf51822_xxaa_ble_conn_params.c.o
 *fill*         0x0000000020002281        0x1 
 .bss.m_ble_evt_buffer_size
                0x0000000020002282        0x2 _build/nrf51822_xxaa_softdevice_handler.c.o
 .bss.m_ble_evt_handler
                0x0000000020002284        0x4 _build/nrf51822_xxaa_softdevice_handler.c.o
 .bss.m_evt_schedule_func
                0x0000000020002288        0x4 _build/nrf51822_xxaa_softdevice_handler.c.o
 .bss.m_softdevice_enabled
                0x000000002000228c        0x1 _build/nrf51822_xxaa_softdevice_handler.c.o
 .bss.m_suspended
                0x000000002000228d        0x1 _build/nrf51822_xxaa_softdevice_handler.c.o
 *fill*         0x000000002000228e        0x2 
 .bss.m_sys_evt_handler
                0x0000000020002290        0x4 _build/nrf51822_xxaa_softdevice_handler.c.o
 .bss.mp_ble_evt_buffer
                0x0000000020002294        0x4 _build/nrf51822_xxaa_softdevice_handler.c.o
 *(COMMON)
                0x0000000020002298                . = ALIGN (0x4)
                0x0000000020002298                __bss_end__ = .

.heap           0x0000000020002298      0x800
                0x0000000020002298                __HeapBase = .
                0x0000000020002298                __end__ = .
                [!provide]                        PROVIDE (end = .)
 *(.heap*)
 .heap          0x0000000020002298      0x800 _build/nrf51822_xxaa_gcc_startup_nrf51.S.o
                0x0000000020002a98                __HeapLimit = .

.stack_dummy    0x0000000020002298      0x800
 *(.stack*)
 .stack         0x0000000020002298      0x800 _build/nrf51822_xxaa_gcc_startup_nrf51.S.o
                0x0000000020004000                __StackTop = (ORIGIN (RAM) + LENGTH (RAM))
                0x0000000020003800                __StackLimit = (__StackTop - SIZEOF (.stack_dummy))
                0x0000000020004000                PROVIDE (__stack = __StackTop)
                0x0000000000000001                ASSERT ((__StackLimit >= __HeapLimit), region RAM overflowed with stack)
OUTPUT(_build/nrf51822_xxaa.out elf32-littlearm)
LOAD linker stubs

.ARM.attributes
                0x0000000000000000       0x28
 .ARM.attributes
                0x0000000000000000       0x1e /home/sen/Projects/nrf51822/Workspace/gcc-arm-none-eabi-10.3-2021.10/bin/../lib/gcc/arm-none-eabi/10.3.1/thumb/v6-m/nofp/crti.o
 .ARM.attributes
                0x000000000000001e       0x2c /home/sen/Projects/nrf51822/Workspace/gcc-arm-none-eabi-10.3-2021.10/bin/../lib/gcc/arm-none-eabi/10.3.1/thumb/v6-m/nofp/crtbegin.o
 .ARM.attributes
                0x000000000000004a       0x1b /home/sen/Projects/nrf51822/Workspace/gcc-arm-none-eabi-10.3-2021.10/bin/../lib/gcc/arm-none-eabi/10.3.1/../../../../arm-none-eabi/lib/thumb/v6-m/nofp/crt0.o
 .ARM.attributes
                0x0000000000000065       0x2c /home/sen/Projects/nrf51822/Workspace/gcc-arm-none-eabi-10.3-2021.10/bin/../lib/gcc/arm-none-eabi/10.3.1/../../../../arm-none-eabi/lib/thumb/v6-m/nofp/libc_nano.a(lib_a-exit.o)
 .ARM.attributes
                0x0000000000000091       0x2c /home/sen/Projects/nrf51822/Workspace/gcc-arm-none-eabi-10.3-2021.10/bin/../lib/gcc/arm-none-eabi/10.3.1/../../../../arm-none-eabi/lib/thumb/v6-m/nofp/libc_nano.a(lib_a-impure.o)
 .ARM.attributes
                0x00000000000000bd       0x2c /home/sen/Projects/nrf51822/Workspace/gcc-arm-none-eabi-10.3-2021.10/bin/../lib/gcc/arm-none-eabi/10.3.1/../../../../arm-none-eabi/lib/thumb/v6-m/nofp/libc_nano.a(lib_a-init.o)
 .ARM.attributes
                0x00000000000000e9       0x2c /home/sen/Projects/nrf51822/Workspace/gcc-arm-none-eabi-10.3-2021.10/bin/../lib/gcc/arm-none-eabi/10.3.1/../../../../arm-none-eabi/lib/thumb/v6-m/nofp/libc_nano.a(lib_a-memset.o)
 .ARM.attributes
                0x0000000000000115       0x2c /home/sen/Projects/nrf51822/Workspace/gcc-arm-none-eabi-10.3-2021.10/bin/../lib/gcc/arm-none-eabi/10.3.1/../../../../arm-none-eabi/lib/thumb/v6-m/nofp/libnosys.a(_exit.o)
 .ARM.attributes
                0x0000000000000141       0x2c _build/nrf51822_xxaa_app_button.c.o
 .ARM.attributes
                0x000000000000016d       0x2c _build/nrf51822_xxaa_app_error.c.o
 .ARM.attributes
                0x0000000000000199       0x2c _build/nrf51822_xxaa_app_error_weak.c.o
 .ARM.attributes
                0x00000000000001c5       0x2c _build/nrf51822_xxaa_app_timer.c.o
 .ARM.attributes
                0x00000000000001f1       0x2c _build/nrf51822_xxaa_app_util_platform.c.o
 .ARM.attributes
                0x000000000000021d       0x2c _build/nrf51822_xxaa_boards.c.o
 .ARM.attributes
                0x0000000000000249       0x2c _build/nrf51822_xxaa_nrf_drv_clock.c.o
 .ARM.attributes
                0x0000000000000275       0x2c _build/nrf51822_xxaa_nrf_drv_common.c.o
 .ARM.attributes
                0x00000000000002a1       0x2c _build/nrf51822_xxaa_nrf_drv_gpiote.c.o
 .ARM.attributes
                0x00000000000002cd       0x2c _build/nrf51822_xxaa_nrf_drv_uart.c.o
 .ARM.attributes
                0x00000000000002f9       0x2c _build/nrf51822_xxaa_main.c.o
 .ARM.attributes
                0x0000000000000325       0x2c _build/nrf51822_xxaa_ble_advdata.c.o
 .ARM.attributes
                0x0000000000000351       0x2c _build/nrf51822_xxaa_ble_conn_params.c.o
 .ARM.attributes
                0x000000000000037d       0x2c _build/nrf51822_xxaa_ble_srv_common.c.o
 .ARM.attributes
                0x00000000000003a9       0x1b _build/nrf51822_xxaa_gcc_startup_nrf51.S.o
 .ARM.attributes
                0x00000000000003c4       0x2c _build/nrf51822_xxaa_system_nrf51.c.o
 .ARM.attributes
                0x00000000000003f0       0x2c _build/nrf51822_xxaa_ble_lbs.c.o
 .ARM.attributes
                0x000000000000041c       0x2c _build/nrf51822_xxaa_softdevice_handler.c.o
 .ARM.attributes
                0x0000000000000448       0x2c /home/sen/Projects/nrf51822/Workspace/gcc-arm-none-eabi-10.3-2021.10/bin/../lib/gcc/arm-none-eabi/10.3.1/../../../../arm-none-eabi/lib/thumb/v6-m/nofp/libc_nano.a(lib_a-memcpy-stub.o)
 .ARM.attributes
                0x0000000000000474       0x1c /home/sen/Projects/nrf51822/Workspace/gcc-arm-none-eabi-10.3-2021.10/bin/../lib/gcc/arm-none-eabi/10.3.1/../../../../arm-none-eabi/lib/thumb/v6-m/nofp/libc_nano.a(lib_a-strlen.o)
 .ARM.attributes
                0x0000000000000490       0x2c /home/sen/Projects/nrf51822/Workspace/gcc-arm-none-eabi-10.3-2021.10/bin/../lib/gcc/arm-none-eabi/10.3.1/thumb/v6-m/nofp/crtend.o
 .ARM.attributes
                0x00000000000004bc       0x1e /home/sen/Projects/nrf51822/Workspace/gcc-arm-none-eabi-10.3-2021.10/bin/../lib/gcc/arm-none-eabi/10.3.1/thumb/v6-m/nofp/crtn.o

.comment        0x0000000000000000       0x49
 .comment       0x0000000000000000       0x49 _build/nrf51822_xxaa_app_button.c.o
                                         0x4a (size before relaxing)
 .comment       0x0000000000000049       0x4a _build/nrf51822_xxaa_app_error.c.o
 .comment       0x0000000000000049       0x4a _build/nrf51822_xxaa_app_error_weak.c.o
 .comment       0x0000000000000049       0x4a _build/nrf51822_xxaa_app_timer.c.o
 .comment       0x0000000000000049       0x4a _build/nrf51822_xxaa_app_util_platform.c.o
 .comment       0x0000000000000049       0x4a _build/nrf51822_xxaa_boards.c.o
 .comment       0x0000000000000049       0x4a _build/nrf51822_xxaa_nrf_drv_clock.c.o
 .comment       0x0000000000000049       0x4a _build/nrf51822_xxaa_nrf_drv_common.c.o
 .comment       0x0000000000000049       0x4a _build/nrf51822_xxaa_nrf_drv_gpiote.c.o
 .comment       0x0000000000000049       0x4a _build/nrf51822_xxaa_nrf_drv_uart.c.o
 .comment       0x0000000000000049       0x4a _build/nrf51822_xxaa_main.c.o
 .comment       0x0000000000000049       0x4a _build/nrf51822_xxaa_ble_advdata.c.o
 .comment       0x0000000000000049       0x4a _build/nrf51822_xxaa_ble_conn_params.c.o
 .comment       0x0000000000000049       0x4a _build/nrf51822_xxaa_ble_srv_common.c.o
 .comment       0x0000000000000049       0x4a _build/nrf51822_xxaa_system_nrf51.c.o
 .comment       0x0000000000000049       0x4a _build/nrf51822_xxaa_ble_lbs.c.o
 .comment       0x0000000000000049       0x4a _build/nrf51822_xxaa_softdevice_handler.c.o

.debug_frame    0x0000000000000000     0x1038
 .debug_frame   0x0000000000000000       0x28 /home/sen/Projects/nrf51822/Workspace/gcc-arm-none-eabi-10.3-2021.10/bin/../lib/gcc/arm-none-eabi/10.3.1/../../../../arm-none-eabi/lib/thumb/v6-m/nofp/libc_nano.a(lib_a-exit.o)
 .debug_frame   0x0000000000000028       0x2c /home/sen/Projects/nrf51822/Workspace/gcc-arm-none-eabi-10.3-2021.10/bin/../lib/gcc/arm-none-eabi/10.3.1/../../../../arm-none-eabi/lib/thumb/v6-m/nofp/libc_nano.a(lib_a-init.o)
 .debug_frame   0x0000000000000054       0x20 /home/sen/Projects/nrf51822/Workspace/gcc-arm-none-eabi-10.3-2021.10/bin/../lib/gcc/arm-none-eabi/10.3.1/../../../../arm-none-eabi/lib/thumb/v6-m/nofp/libc_nano.a(lib_a-memset.o)
 .debug_frame   0x0000000000000074       0x20 /home/sen/Projects/nrf51822/Workspace/gcc-arm-none-eabi-10.3-2021.10/bin/../lib/gcc/arm-none-eabi/10.3.1/../../../../arm-none-eabi/lib/thumb/v6-m/nofp/libnosys.a(_exit.o)
 .debug_frame   0x0000000000000094       0xd4 _build/nrf51822_xxaa_app_button.c.o
 .debug_frame   0x0000000000000168       0x5c _build/nrf51822_xxaa_app_error.c.o
 .debug_frame   0x00000000000001c4       0x20 _build/nrf51822_xxaa_app_error_weak.c.o
 .debug_frame   0x00000000000001e4      0x118 _build/nrf51822_xxaa_app_timer.c.o
 .debug_frame   0x00000000000002fc       0x68 _build/nrf51822_xxaa_app_util_platform.c.o
 .debug_frame   0x0000000000000364       0xe8 _build/nrf51822_xxaa_boards.c.o
 .debug_frame   0x000000000000044c      0x1bc _build/nrf51822_xxaa_nrf_drv_clock.c.o
 .debug_frame   0x0000000000000608       0x40 _build/nrf51822_xxaa_nrf_drv_common.c.o
 .debug_frame   0x0000000000000648      0x200 _build/nrf51822_xxaa_nrf_drv_gpiote.c.o
 .debug_frame   0x0000000000000848      0x14c _build/nrf51822_xxaa_nrf_drv_uart.c.o
 .debug_frame   0x0000000000000994      0x154 _build/nrf51822_xxaa_main.c.o
 .debug_frame   0x0000000000000ae8       0xd4 _build/nrf51822_xxaa_ble_advdata.c.o
 .debug_frame   0x0000000000000bbc       0xf4 _build/nrf51822_xxaa_ble_conn_params.c.o
 .debug_frame   0x0000000000000cb0       0xc4 _build/nrf51822_xxaa_ble_srv_common.c.o
 .debug_frame   0x0000000000000d74       0x30 _build/nrf51822_xxaa_system_nrf51.c.o
 .debug_frame   0x0000000000000da4       0xb4 _build/nrf51822_xxaa_ble_lbs.c.o
 .debug_frame   0x0000000000000e58      0x1b8 _build/nrf51822_xxaa_softdevice_handler.c.o
 .debug_frame   0x0000000000001010       0x28 /home/sen/Projects/nrf51822/Workspace/gcc-arm-none-eabi-10.3-2021.10/bin/../lib/gcc/arm-none-eabi/10.3.1/../../../../arm-none-eabi/lib/thumb/v6-m/nofp/libc_nano.a(lib_a-memcpy-stub.o)

.debug_info     0x0000000000000000    0x179ce
 .debug_info    0x0000000000000000      0x66a _build/nrf51822_xxaa_app_button.c.o
 .debug_info    0x000000000000066a      0x359 _build/nrf51822_xxaa_app_error.c.o
 .debug_info    0x00000000000009c3      0x206 _build/nrf51822_xxaa_app_error_weak.c.o
 .debug_info    0x0000000000000bc9     0x1eee _build/nrf51822_xxaa_app_timer.c.o
 .debug_info    0x0000000000002ab7      0x5b5 _build/nrf51822_xxaa_app_util_platform.c.o
 .debug_info    0x000000000000306c      0xd80 _build/nrf51822_xxaa_boards.c.o
 .debug_info    0x0000000000003dec     0x17e8 _build/nrf51822_xxaa_nrf_drv_clock.c.o
 .debug_info    0x00000000000055d4      0x4f3 _build/nrf51822_xxaa_nrf_drv_common.c.o
 .debug_info    0x0000000000005ac7     0x2c11 _build/nrf51822_xxaa_nrf_drv_gpiote.c.o
 .debug_info    0x00000000000086d8     0x32ce _build/nrf51822_xxaa_nrf_drv_uart.c.o
 .debug_info    0x000000000000b9a6     0x3609 _build/nrf51822_xxaa_main.c.o
 .debug_info    0x000000000000efaf     0x16ce _build/nrf51822_xxaa_ble_advdata.c.o
 .debug_info    0x000000000001067d     0x1dca _build/nrf51822_xxaa_ble_conn_params.c.o
 .debug_info    0x0000000000012447      0xd9d _build/nrf51822_xxaa_ble_srv_common.c.o
 .debug_info    0x00000000000131e4      0x1fb _build/nrf51822_xxaa_system_nrf51.c.o
 .debug_info    0x00000000000133df     0x1f5b _build/nrf51822_xxaa_ble_lbs.c.o
 .debug_info    0x000000000001533a     0x2694 _build/nrf51822_xxaa_softdevice_handler.c.o

.debug_abbrev   0x0000000000000000     0x36a3
 .debug_abbrev  0x0000000000000000      0x1d7 _build/nrf51822_xxaa_app_button.c.o
 .debug_abbrev  0x00000000000001d7      0x13b _build/nrf51822_xxaa_app_error.c.o
 .debug_abbrev  0x0000000000000312      0x11a _build/nrf51822_xxaa_app_error_weak.c.o
 .debug_abbrev  0x000000000000042c      0x48d _build/nrf51822_xxaa_app_timer.c.o
 .debug_abbrev  0x00000000000008b9      0x296 _build/nrf51822_xxaa_app_util_platform.c.o
 .debug_abbrev  0x0000000000000b4f      0x2aa _build/nrf51822_xxaa_boards.c.o
 .debug_abbrev  0x0000000000000df9      0x51e _build/nrf51822_xxaa_nrf_drv_clock.c.o
 .debug_abbrev  0x0000000000001317      0x1a8 _build/nrf51822_xxaa_nrf_drv_common.c.o
 .debug_abbrev  0x00000000000014bf      0x4f0 _build/nrf51822_xxaa_nrf_drv_gpiote.c.o
 .debug_abbrev  0x00000000000019af      0x409 _build/nrf51822_xxaa_nrf_drv_uart.c.o
 .debug_abbrev  0x0000000000001db8      0x48f _build/nrf51822_xxaa_main.c.o
 .debug_abbrev  0x0000000000002247      0x346 _build/nrf51822_xxaa_ble_advdata.c.o
 .debug_abbrev  0x000000000000258d      0x468 _build/nrf51822_xxaa_ble_conn_params.c.o
 .debug_abbrev  0x00000000000029f5      0x286 _build/nrf51822_xxaa_ble_srv_common.c.o
 .debug_abbrev  0x0000000000002c7b      0x124 _build/nrf51822_xxaa_system_nrf51.c.o
 .debug_abbrev  0x0000000000002d9f      0x347 _build/nrf51822_xxaa_ble_lbs.c.o
 .debug_abbrev  0x00000000000030e6      0x5bd _build/nrf51822_xxaa_softdevice_handler.c.o

.debug_loc      0x0000000000000000     0xaf2a
 .debug_loc     0x0000000000000000      0x436 _build/nrf51822_xxaa_app_button.c.o
 .debug_loc     0x0000000000000436      0x158 _build/nrf51822_xxaa_app_error.c.o
 .debug_loc     0x000000000000058e       0x25 _build/nrf51822_xxaa_app_error_weak.c.o
 .debug_loc     0x00000000000005b3     0x1617 _build/nrf51822_xxaa_app_timer.c.o
 .debug_loc     0x0000000000001bca       0xb5 _build/nrf51822_xxaa_app_util_platform.c.o
 .debug_loc     0x0000000000001c7f      0xe0e _build/nrf51822_xxaa_boards.c.o
 .debug_loc     0x0000000000002a8d      0x630 _build/nrf51822_xxaa_nrf_drv_clock.c.o
 .debug_loc     0x00000000000030bd       0xfe _build/nrf51822_xxaa_nrf_drv_common.c.o
 .debug_loc     0x00000000000031bb     0x2f93 _build/nrf51822_xxaa_nrf_drv_gpiote.c.o
 .debug_loc     0x000000000000614e     0x1fe5 _build/nrf51822_xxaa_nrf_drv_uart.c.o
 .debug_loc     0x0000000000008133      0x9ff _build/nrf51822_xxaa_main.c.o
 .debug_loc     0x0000000000008b32      0xf03 _build/nrf51822_xxaa_ble_advdata.c.o
 .debug_loc     0x0000000000009a35      0x449 _build/nrf51822_xxaa_ble_conn_params.c.o
 .debug_loc     0x0000000000009e7e      0x50f _build/nrf51822_xxaa_ble_srv_common.c.o
 .debug_loc     0x000000000000a38d      0x37e _build/nrf51822_xxaa_ble_lbs.c.o
 .debug_loc     0x000000000000a70b      0x81f _build/nrf51822_xxaa_softdevice_handler.c.o

.debug_aranges  0x0000000000000000      0x690
 .debug_aranges
                0x0000000000000000       0x48 _build/nrf51822_xxaa_app_button.c.o
 .debug_aranges
                0x0000000000000048       0x30 _build/nrf51822_xxaa_app_error.c.o
 .debug_aranges
                0x0000000000000078       0x20 _build/nrf51822_xxaa_app_error_weak.c.o
 .debug_aranges
                0x0000000000000098       0x60 _build/nrf51822_xxaa_app_timer.c.o
 .debug_aranges
                0x00000000000000f8       0x38 _build/nrf51822_xxaa_app_util_platform.c.o
 .debug_aranges
                0x0000000000000130       0x80 _build/nrf51822_xxaa_boards.c.o
 .debug_aranges
                0x00000000000001b0       0xb0 _build/nrf51822_xxaa_nrf_drv_clock.c.o
 .debug_aranges
                0x0000000000000260       0x28 _build/nrf51822_xxaa_nrf_drv_common.c.o
 .debug_aranges
                0x0000000000000288       0xb8 _build/nrf51822_xxaa_nrf_drv_gpiote.c.o
 .debug_aranges
                0x0000000000000340       0x70 _build/nrf51822_xxaa_nrf_drv_uart.c.o
 .debug_aranges
                0x00000000000003b0       0x98 _build/nrf51822_xxaa_main.c.o
 .debug_aranges
                0x0000000000000448       0x58 _build/nrf51822_xxaa_ble_advdata.c.o
 .debug_aranges
                0x00000000000004a0       0x68 _build/nrf51822_xxaa_ble_conn_params.c.o
 .debug_aranges
                0x0000000000000508       0x58 _build/nrf51822_xxaa_ble_srv_common.c.o
 .debug_aranges
                0x0000000000000560       0x28 _build/nrf51822_xxaa_system_nrf51.c.o
 .debug_aranges
                0x0000000000000588       0x50 _build/nrf51822_xxaa_ble_lbs.c.o
 .debug_aranges
                0x00000000000005d8       0xb8 _build/nrf51822_xxaa_softdevice_handler.c.o

.debug_ranges   0x0000000000000000     0x3d90
 .debug_ranges  0x0000000000000000       0xa0 _build/nrf51822_xxaa_app_button.c.o
 .debug_ranges  0x00000000000000a0       0x20 _build/nrf51822_xxaa_app_error.c.o
 .debug_ranges  0x00000000000000c0       0x10 _build/nrf51822_xxaa_app_error_weak.c.o
 .debug_ranges  0x00000000000000d0      0x7f8 _build/nrf51822_xxaa_app_timer.c.o
 .debug_ranges  0x00000000000008c8       0x90 _build/nrf51822_xxaa_app_util_platform.c.o
 .debug_ranges  0x0000000000000958      0x8d8 _build/nrf51822_xxaa_boards.c.o
 .debug_ranges  0x0000000000001230      0x4d0 _build/nrf51822_xxaa_nrf_drv_clock.c.o
 .debug_ranges  0x0000000000001700       0x70 _build/nrf51822_xxaa_nrf_drv_common.c.o
 .debug_ranges  0x0000000000001770     0x1268 _build/nrf51822_xxaa_nrf_drv_gpiote.c.o
 .debug_ranges  0x00000000000029d8      0x960 _build/nrf51822_xxaa_nrf_drv_uart.c.o
 .debug_ranges  0x0000000000003338      0x338 _build/nrf51822_xxaa_main.c.o
 .debug_ranges  0x0000000000003670      0x168 _build/nrf51822_xxaa_ble_advdata.c.o
 .debug_ranges  0x00000000000037d8      0x110 _build/nrf51822_xxaa_ble_conn_params.c.o
 .debug_ranges  0x00000000000038e8      0x148 _build/nrf51822_xxaa_ble_srv_common.c.o
 .debug_ranges  0x0000000000003a30       0x68 _build/nrf51822_xxaa_system_nrf51.c.o
 .debug_ranges  0x0000000000003a98       0x40 _build/nrf51822_xxaa_ble_lbs.c.o
 .debug_ranges  0x0000000000003ad8      0x2b8 _build/nrf51822_xxaa_softdevice_handler.c.o

.debug_macro    0x0000000000000000     0x5d71
 .debug_macro   0x0000000000000000      0x2ef _build/nrf51822_xxaa_app_button.c.o
 .debug_macro   0x00000000000002ef       0x1c _build/nrf51822_xxaa_app_button.c.o
 .debug_macro   0x000000000000030b       0x10 _build/nrf51822_xxaa_app_button.c.o
 .debug_macro   0x000000000000031b       0xbe _build/nrf51822_xxaa_app_button.c.o
 .debug_macro   0x00000000000003d9       0x16 _build/nrf51822_xxaa_app_button.c.o
 .debug_macro   0x00000000000003ef      0x129 _build/nrf51822_xxaa_app_button.c.o
 .debug_macro   0x0000000000000518       0x2b _build/nrf51822_xxaa_app_button.c.o
 .debug_macro   0x0000000000000543      0x168 _build/nrf51822_xxaa_app_button.c.o
 .debug_macro   0x00000000000006ab       0x10 _build/nrf51822_xxaa_app_button.c.o
 .debug_macro   0x00000000000006bb       0x16 _build/nrf51822_xxaa_app_button.c.o
 .debug_macro   0x00000000000006d1       0x22 _build/nrf51822_xxaa_app_button.c.o
 .debug_macro   0x00000000000006f3       0x16 _build/nrf51822_xxaa_app_button.c.o
 .debug_macro   0x0000000000000709       0x1c _build/nrf51822_xxaa_app_button.c.o
 .debug_macro   0x0000000000000725       0x36 _build/nrf51822_xxaa_app_button.c.o
 .debug_macro   0x000000000000075b       0x11 _build/nrf51822_xxaa_app_button.c.o
 .debug_macro   0x000000000000076c       0x30 _build/nrf51822_xxaa_app_button.c.o
 .debug_macro   0x000000000000079c      0x284 _build/nrf51822_xxaa_app_error.c.o
 .debug_macro   0x0000000000000a20       0x34 _build/nrf51822_xxaa_app_error.c.o
 .debug_macro   0x0000000000000a54       0x22 _build/nrf51822_xxaa_app_error.c.o
 .debug_macro   0x0000000000000a76       0x16 _build/nrf51822_xxaa_app_error.c.o
 .debug_macro   0x0000000000000a8c       0x97 _build/nrf51822_xxaa_app_error.c.o
 .debug_macro   0x0000000000000b23       0xf6 _build/nrf51822_xxaa_app_error.c.o
 .debug_macro   0x0000000000000c19       0x22 _build/nrf51822_xxaa_app_error.c.o
 .debug_macro   0x0000000000000c3b       0x16 _build/nrf51822_xxaa_app_error.c.o
 .debug_macro   0x0000000000000c51      0x39b _build/nrf51822_xxaa_app_error.c.o
 .debug_macro   0x0000000000000fec      0x170 _build/nrf51822_xxaa_app_error.c.o
 .debug_macro   0x000000000000115c       0x5a _build/nrf51822_xxaa_app_error.c.o
 .debug_macro   0x00000000000011b6       0x28 _build/nrf51822_xxaa_app_error.c.o
 .debug_macro   0x00000000000011de       0x22 _build/nrf51822_xxaa_app_error.c.o
 .debug_macro   0x0000000000001200      0x284 _build/nrf51822_xxaa_app_error_weak.c.o
 .debug_macro   0x0000000000001484       0x1c _build/nrf51822_xxaa_app_error_weak.c.o
 .debug_macro   0x00000000000014a0      0x31b _build/nrf51822_xxaa_app_timer.c.o
 .debug_macro   0x00000000000017bb       0x16 _build/nrf51822_xxaa_app_timer.c.o
 .debug_macro   0x00000000000017d1       0x40 _build/nrf51822_xxaa_app_timer.c.o
 .debug_macro   0x0000000000001811       0x64 _build/nrf51822_xxaa_app_timer.c.o
 .debug_macro   0x0000000000001875       0x10 _build/nrf51822_xxaa_app_timer.c.o
 .debug_macro   0x0000000000001885       0x22 _build/nrf51822_xxaa_app_timer.c.o
 .debug_macro   0x00000000000018a7       0x72 _build/nrf51822_xxaa_app_timer.c.o
 .debug_macro   0x0000000000001919      0x257 _build/nrf51822_xxaa_app_util_platform.c.o
 .debug_macro   0x0000000000001b70      0x27b _build/nrf51822_xxaa_boards.c.o
 .debug_macro   0x0000000000001deb       0xee _build/nrf51822_xxaa_boards.c.o
 .debug_macro   0x0000000000001ed9      0x115 _build/nrf51822_xxaa_boards.c.o
 .debug_macro   0x0000000000001fee      0x415 _build/nrf51822_xxaa_nrf_drv_clock.c.o
 .debug_macro   0x0000000000002403       0x10 _build/nrf51822_xxaa_nrf_drv_clock.c.o
 .debug_macro   0x0000000000002413       0x28 _build/nrf51822_xxaa_nrf_drv_clock.c.o
 .debug_macro   0x000000000000243b       0x1c _build/nrf51822_xxaa_nrf_drv_clock.c.o
 .debug_macro   0x0000000000002457       0x8f _build/nrf51822_xxaa_nrf_drv_clock.c.o
 .debug_macro   0x00000000000024e6       0xd6 _build/nrf51822_xxaa_nrf_drv_clock.c.o
 .debug_macro   0x00000000000025bc      0x1fb _build/nrf51822_xxaa_nrf_drv_clock.c.o
 .debug_macro   0x00000000000027b7      0x3fa _build/nrf51822_xxaa_nrf_drv_clock.c.o
 .debug_macro   0x0000000000002bb1       0x40 _build/nrf51822_xxaa_nrf_drv_clock.c.o
 .debug_macro   0x0000000000002bf1       0x22 _build/nrf51822_xxaa_nrf_drv_clock.c.o
 .debug_macro   0x0000000000002c13      0x201 _build/nrf51822_xxaa_nrf_drv_clock.c.o
 .debug_macro   0x0000000000002e14       0x1c _build/nrf51822_xxaa_nrf_drv_clock.c.o
 .debug_macro   0x0000000000002e30       0xdb _build/nrf51822_xxaa_nrf_drv_clock.c.o
 .debug_macro   0x0000000000002f0b       0x24 _build/nrf51822_xxaa_nrf_drv_clock.c.o
 .debug_macro   0x0000000000002f2f       0x16 _build/nrf51822_xxaa_nrf_drv_clock.c.o
 .debug_macro   0x0000000000002f45       0x10 _build/nrf51822_xxaa_nrf_drv_clock.c.o
 .debug_macro   0x0000000000002f55      0x18a _build/nrf51822_xxaa_nrf_drv_clock.c.o
 .debug_macro   0x00000000000030df       0x1c _build/nrf51822_xxaa_nrf_drv_clock.c.o
 .debug_macro   0x00000000000030fb       0x16 _build/nrf51822_xxaa_nrf_drv_clock.c.o
 .debug_macro   0x0000000000003111      0x176 _build/nrf51822_xxaa_nrf_drv_clock.c.o
 .debug_macro   0x0000000000003287      0x2c1 _build/nrf51822_xxaa_nrf_drv_common.c.o
 .debug_macro   0x0000000000003548       0x22 _build/nrf51822_xxaa_nrf_drv_common.c.o
 .debug_macro   0x000000000000356a      0x397 _build/nrf51822_xxaa_nrf_drv_gpiote.c.o
 .debug_macro   0x0000000000003901       0x16 _build/nrf51822_xxaa_nrf_drv_gpiote.c.o
 .debug_macro   0x0000000000003917      0x37c _build/nrf51822_xxaa_nrf_drv_uart.c.o
 .debug_macro   0x0000000000003c93       0x10 _build/nrf51822_xxaa_nrf_drv_uart.c.o
 .debug_macro   0x0000000000003ca3       0x36 _build/nrf51822_xxaa_nrf_drv_uart.c.o
 .debug_macro   0x0000000000003cd9      0x4cb _build/nrf51822_xxaa_main.c.o
 .debug_macro   0x00000000000041a4      0x3f4 _build/nrf51822_xxaa_main.c.o
 .debug_macro   0x0000000000004598       0x3a _build/nrf51822_xxaa_main.c.o
 .debug_macro   0x00000000000045d2       0xa6 _build/nrf51822_xxaa_main.c.o
 .debug_macro   0x0000000000004678      0x2ea _build/nrf51822_xxaa_main.c.o
 .debug_macro   0x0000000000004962       0x6a _build/nrf51822_xxaa_main.c.o
 .debug_macro   0x00000000000049cc       0x46 _build/nrf51822_xxaa_main.c.o
 .debug_macro   0x0000000000004a12       0x1c _build/nrf51822_xxaa_main.c.o
 .debug_macro   0x0000000000004a2e       0x3c _build/nrf51822_xxaa_main.c.o
 .debug_macro   0x0000000000004a6a       0x22 _build/nrf51822_xxaa_main.c.o
 .debug_macro   0x0000000000004a8c       0x2e _build/nrf51822_xxaa_main.c.o
 .debug_macro   0x0000000000004aba      0x289 _build/nrf51822_xxaa_ble_advdata.c.o
 .debug_macro   0x0000000000004d43       0x64 _build/nrf51822_xxaa_ble_advdata.c.o
 .debug_macro   0x0000000000004da7      0x2f0 _build/nrf51822_xxaa_ble_conn_params.c.o
 .debug_macro   0x0000000000005097      0x10e _build/nrf51822_xxaa_ble_conn_params.c.o
 .debug_macro   0x00000000000051a5       0x86 _build/nrf51822_xxaa_ble_conn_params.c.o
 .debug_macro   0x000000000000522b      0x2c0 _build/nrf51822_xxaa_ble_srv_common.c.o
 .debug_macro   0x00000000000054eb       0xdf _build/nrf51822_xxaa_system_nrf51.c.o
 .debug_macro   0x00000000000055ca      0x27d _build/nrf51822_xxaa_ble_lbs.c.o
 .debug_macro   0x0000000000005847       0x1c _build/nrf51822_xxaa_ble_lbs.c.o
 .debug_macro   0x0000000000005863      0x3ed _build/nrf51822_xxaa_softdevice_handler.c.o
 .debug_macro   0x0000000000005c50       0x5e _build/nrf51822_xxaa_softdevice_handler.c.o
 .debug_macro   0x0000000000005cae       0x5c _build/nrf51822_xxaa_softdevice_handler.c.o
 .debug_macro   0x0000000000005d0a       0x57 _build/nrf51822_xxaa_softdevice_handler.c.o
 .debug_macro   0x0000000000005d61       0x10 _build/nrf51822_xxaa_softdevice_handler.c.o

.debug_line     0x0000000000000000     0xf811
 .debug_line    0x0000000000000000      0xa1a _build/nrf51822_xxaa_app_button.c.o
 .debug_line    0x0000000000000a1a      0x725 _build/nrf51822_xxaa_app_error.c.o
 .debug_line    0x000000000000113f      0x644 _build/nrf51822_xxaa_app_error_weak.c.o
 .debug_line    0x0000000000001783     0x1767 _build/nrf51822_xxaa_app_timer.c.o
 .debug_line    0x0000000000002eea      0x73b _build/nrf51822_xxaa_app_util_platform.c.o
 .debug_line    0x0000000000003625     0x101c _build/nrf51822_xxaa_boards.c.o
 .debug_line    0x0000000000004641     0x141f _build/nrf51822_xxaa_nrf_drv_clock.c.o
 .debug_line    0x0000000000005a60      0x773 _build/nrf51822_xxaa_nrf_drv_common.c.o
 .debug_line    0x00000000000061d3     0x286d _build/nrf51822_xxaa_nrf_drv_gpiote.c.o
 .debug_line    0x0000000000008a40     0x1b44 _build/nrf51822_xxaa_nrf_drv_uart.c.o
 .debug_line    0x000000000000a584      0xf94 _build/nrf51822_xxaa_main.c.o
 .debug_line    0x000000000000b518      0xf94 _build/nrf51822_xxaa_ble_advdata.c.o
 .debug_line    0x000000000000c4ac      0xa7b _build/nrf51822_xxaa_ble_conn_params.c.o
 .debug_line    0x000000000000cf27      0xb00 _build/nrf51822_xxaa_ble_srv_common.c.o
 .debug_line    0x000000000000da27      0x48a _build/nrf51822_xxaa_system_nrf51.c.o
 .debug_line    0x000000000000deb1      0x95d _build/nrf51822_xxaa_ble_lbs.c.o
 .debug_line    0x000000000000e80e     0x1003 _build/nrf51822_xxaa_softdevice_handler.c.o

.debug_str      0x0000000000000000    0x44ec6
 .debug_str     0x0000000000000000    0x33712 _build/nrf51822_xxaa_app_button.c.o
                                      0x339d2 (size before relaxing)
 .debug_str     0x0000000000033712     0x19a3 _build/nrf51822_xxaa_app_error.c.o
                                      0x341e2 (size before relaxing)
 .debug_str     0x00000000000350b5       0xae _build/nrf51822_xxaa_app_error_weak.c.o
                                      0x3412f (size before relaxing)
 .debug_str     0x0000000000035163     0x1559 _build/nrf51822_xxaa_app_timer.c.o
                                      0x34371 (size before relaxing)
 .debug_str     0x00000000000366bc      0x15f _build/nrf51822_xxaa_app_util_platform.c.o
                                      0x3023b (size before relaxing)
 .debug_str     0x000000000003681b      0xefb _build/nrf51822_xxaa_boards.c.o
                                      0x308b1 (size before relaxing)
 .debug_str     0x0000000000037716     0x6abb _build/nrf51822_xxaa_nrf_drv_clock.c.o
                                      0x3b91d (size before relaxing)
 .debug_str     0x000000000003e1d1       0x5c _build/nrf51822_xxaa_nrf_drv_common.c.o
                                      0x33aa1 (size before relaxing)
 .debug_str     0x000000000003e22d      0xac3 _build/nrf51822_xxaa_nrf_drv_gpiote.c.o
                                      0x367d9 (size before relaxing)
 .debug_str     0x000000000003ecf0      0xe83 _build/nrf51822_xxaa_nrf_drv_uart.c.o
                                      0x3660d (size before relaxing)
 .debug_str     0x000000000003fb73     0x4144 _build/nrf51822_xxaa_main.c.o
                                      0x3fc69 (size before relaxing)
 .debug_str     0x0000000000043cb7      0x397 _build/nrf51822_xxaa_ble_advdata.c.o
                                      0x37bc4 (size before relaxing)
 .debug_str     0x000000000004404e      0x1e7 _build/nrf51822_xxaa_ble_conn_params.c.o
                                      0x390c1 (size before relaxing)
 .debug_str     0x0000000000044235      0x488 _build/nrf51822_xxaa_ble_srv_common.c.o
                                      0x37ae1 (size before relaxing)
 .debug_str     0x00000000000446bd      0x120 _build/nrf51822_xxaa_system_nrf51.c.o
                                      0x2a769 (size before relaxing)
 .debug_str     0x00000000000447dd       0xff _build/nrf51822_xxaa_ble_lbs.c.o
                                      0x38286 (size before relaxing)
 .debug_str     0x00000000000448dc      0x5ea _build/nrf51822_xxaa_softdevice_handler.c.o
                                      0x3bfb9 (size before relaxing)
